再次的第一次
厚礼蟹
啊啊啊啊啊啊
